// Jest Snapshot v1, https://goo.gl/fbAQLP

exports[`Search page component renders correctly 1`] = `
<div
  className="divide-y-8 divide-slate-100 "
/>
`;
